============================================================
Angle map + Ae/σ fine-tune (Ae → ∅, Δσ → ∅)
============================================================
[chip] cell 1/32 ['q(0,6)', 'q(0,7)', 'q(0,8)']
[chip] cell 2/32 ['q(1,5)', 'q(2,5)', 'q(3,5)']
[chip] cell 3/32 ['q(1,6)', 'q(1,7)', 'q(1,8)']
[chip] cell 4/32 ['q(2,4)', 'q(3,4)', 'q(4,4)']
[chip] cell 5/32 ['q(2,6)', 'q(2,7)', 'q(2,8)']
[chip] cell 6/32 ['q(2,9)', 'q(3,9)', 'q(4,9)']
[chip] cell 7/32 ['q(2,10)', 'q(3,10)', 'q(4,10)']
[chip] cell 8/32 ['q(3,3)', 'q(4,3)', 'q(5,3)']
[chip] cell 9/32 ['q(3,6)', 'q(3,7)', 'q(3,8)']
[chip] cell 10/32 ['q(4,2)', 'q(5,2)', 'q(6,2)']
[chip] cell 11/32 ['q(4,5)', 'q(4,6)', 'q(4,7)']
[chip] cell 12/32 ['q(4,8)', 'q(5,8)', 'q(6,8)']
[chip] cell 13/32 ['q(4,11)', 'q(5,11)', 'q(6,11)']
[chip] cell 14/32 ['q(4,12)', 'q(5,12)', 'q(6,12)']
[chip] cell 15/32 ['q(5,4)', 'q(6,4)', 'q(7,4)']
[chip] cell 16/32 ['q(5,5)', 'q(5,6)', 'q(5,7)']
[chip] cell 17/32 ['q(5,9)', 'q(6,9)', 'q(7,9)']
[chip] cell 18/32 ['q(5,10)', 'q(6,10)', 'q(7,10)']
[chip] cell 19/32 ['q(6,3)', 'q(7,3)', 'q(8,3)']
[chip] cell 20/32 ['q(6,5)', 'q(7,5)', 'q(8,5)']
[chip] cell 21/32 ['q(6,6)', 'q(7,6)', 'q(8,6)']
[chip] cell 22/32 ['q(6,7)', 'q(7,7)', 'q(8,7)']
[chip] cell 23/32 ['q(7,8)', 'q(8,8)', 'q(9,8)']
[chip] cell 24/32 ['q(7,11)', 'q(7,12)', 'q(7,13)']
[chip] cell 25/32 ['q(8,4)', 'q(9,4)', 'q(10,4)']
[chip] cell 26/32 ['q(8,9)', 'q(8,10)', 'q(8,11)']
[chip] cell 27/32 ['q(9,5)', 'q(9,6)', 'q(9,7)']
[chip] cell 28/32 ['q(9,9)', 'q(9,10)', 'q(9,11)']
[chip] cell 29/32 ['q(10,5)', 'q(10,6)', 'q(10,7)']
[chip] cell 30/32 ['q(10,8)', 'q(10,9)', 'q(10,10)']
[chip] cell 31/32 ['q(11,6)', 'q(11,7)', 'q(11,8)']
[chip] cell 32/32 ['q(12,6)', 'q(12,7)', 'q(12,8)']

--- SUMMARY ---
Verdict: PARTIAL_STABLE
Angle-map wins: 32/32
Ae→∅ cells: 0/32
Δσ→∅ cells: 0/32
Both locked: 0/32
median |Ae|=26.21°, median σ=1.5809
Notes: Angle-specific wins on 32/32 cells; in-band 7/32 (tri 0, zzz 7); task wins 32/32.
Wrote results/willow_ae_sigma_finetune.json
