
============================================================
PHASE: interior_14L_corrected
============================================================
[willow_max] interior ['q(6,5)', 'q(6,6)', 'q(6,7)'] depth=14L
{
  "processor": "willow_pink",
  "theta_star_deg": 22.49,
  "depth_layers": 14,
  "relock_interval": 5,
  "shots": 4000,
  "n_cells": 0,
  "n_qubits": 3,
  "interior": {
    "line": [
      "q(6,5)",
      "q(6,6)",
      "q(6,7)"
    ],
    "qsd_theta_star": {
      "zzz": -0.3405,
      "n": 4000,
      "theta_deg": 22.49
    },
    "negative_theta": {
      "zzz": 0.518,
      "n": 4000,
      "theta_deg": 92.49
    },
    "gap": -0.8585,
    "abs_gap": 0.8585
  },
  "cells": [],
  "aggregate": {},
  "verdict": "DEPTH_WIN",
  "notes": "Depth 14L @ \u03b8*=22.49\u00b0: interior |\u0394ZZZ|=0.859.",
  "elapsed_s": 1443.8317439556122,
  "phase": "interior_14L_corrected",
  "config_note": "Corrected July 7: \u03b8*=22.49\u00b0 depth=14L relock=/5"
}

VERDICT: DEPTH_WIN
NOTES:   Depth 14L @ θ*=22.49°: interior |ΔZZZ|=0.859.
Saved:   results/willow_max_interior_14L_corrected.json (1444s)

============================================================
PHASE: qubits_96_depth_14_corrected
============================================================
[willow_max] cell 1/32 ['q(0,6)', 'q(0,7)', 'q(0,8)'] depth=14L
[willow_max] cell 2/32 ['q(1,5)', 'q(2,5)', 'q(3,5)'] depth=14L
[willow_max] cell 3/32 ['q(1,6)', 'q(1,7)', 'q(1,8)'] depth=14L
[willow_max] cell 4/32 ['q(2,4)', 'q(3,4)', 'q(4,4)'] depth=14L
[willow_max] cell 5/32 ['q(2,6)', 'q(2,7)', 'q(2,8)'] depth=14L
[willow_max] cell 6/32 ['q(2,9)', 'q(3,9)', 'q(4,9)'] depth=14L
[willow_max] cell 7/32 ['q(2,10)', 'q(3,10)', 'q(4,10)'] depth=14L
[willow_max] cell 8/32 ['q(3,3)', 'q(4,3)', 'q(5,3)'] depth=14L
[willow_max] cell 9/32 ['q(3,6)', 'q(3,7)', 'q(3,8)'] depth=14L
[willow_max] cell 10/32 ['q(4,2)', 'q(5,2)', 'q(6,2)'] depth=14L
[willow_max] cell 11/32 ['q(4,5)', 'q(4,6)', 'q(4,7)'] depth=14L
[willow_max] cell 12/32 ['q(4,8)', 'q(5,8)', 'q(6,8)'] depth=14L
[willow_max] cell 13/32 ['q(4,11)', 'q(5,11)', 'q(6,11)'] depth=14L
[willow_max] cell 14/32 ['q(4,12)', 'q(5,12)', 'q(6,12)'] depth=14L
[willow_max] cell 15/32 ['q(5,4)', 'q(6,4)', 'q(7,4)'] depth=14L
[willow_max] cell 16/32 ['q(5,5)', 'q(5,6)', 'q(5,7)'] depth=14L
[willow_max] cell 17/32 ['q(5,9)', 'q(6,9)', 'q(7,9)'] depth=14L
[willow_max] cell 18/32 ['q(5,10)', 'q(6,10)', 'q(7,10)'] depth=14L
[willow_max] cell 19/32 ['q(6,3)', 'q(7,3)', 'q(8,3)'] depth=14L
[willow_max] cell 20/32 ['q(6,5)', 'q(7,5)', 'q(8,5)'] depth=14L
[willow_max] cell 21/32 ['q(6,6)', 'q(7,6)', 'q(8,6)'] depth=14L
[willow_max] cell 22/32 ['q(6,7)', 'q(7,7)', 'q(8,7)'] depth=14L
[willow_max] cell 23/32 ['q(7,8)', 'q(8,8)', 'q(9,8)'] depth=14L
[willow_max] cell 24/32 ['q(7,11)', 'q(7,12)', 'q(7,13)'] depth=14L
[willow_max] cell 25/32 ['q(8,4)', 'q(9,4)', 'q(10,4)'] depth=14L
[willow_max] cell 26/32 ['q(8,9)', 'q(8,10)', 'q(8,11)'] depth=14L
[willow_max] cell 27/32 ['q(9,5)', 'q(9,6)', 'q(9,7)'] depth=14L
[willow_max] cell 28/32 ['q(9,9)', 'q(9,10)', 'q(9,11)'] depth=14L
[willow_max] cell 29/32 ['q(10,5)', 'q(10,6)', 'q(10,7)'] depth=14L
[willow_max] cell 30/32 ['q(10,8)', 'q(10,9)', 'q(10,10)'] depth=14L
[willow_max] cell 31/32 ['q(11,6)', 'q(11,7)', 'q(11,8)'] depth=14L
[willow_max] cell 32/32 ['q(12,6)', 'q(12,7)', 'q(12,8)'] depth=14L
{
  "processor": "willow_pink",
  "theta_star_deg": 22.49,
  "depth_layers": 14,
  "relock_interval": 5,
  "shots": 1000,
  "n_cells": 32,
  "n_qubits": 96,
  "interior": {},
  "cells": [
    {
      "qsd_theta_star": {
        "zzz": -0.248,
        "n": 1000,
        "theta_deg": 22.49
      },
      "negative_theta": {
        "zzz": 0.236,
        "n": 1000,
        "theta_deg": 92.49
      },
      "gap": -0.484,
      "abs_gap": 0.484,
      "cell_id": 0,
      "line": [
        "q(0,6)",
        "q(0,7)",
        "q(0,8)"
      ]
    },
    {
      "qsd_theta_star": {
        "zzz": 0.004,
        "n": 1000,
        "theta_deg": 22.49
      },
      "negative_theta": {
        "zzz": 0.61,
        "n": 1000,
        "theta_deg": 92.49
      },
      "gap": -0.606,
      "abs_gap": 0.606,
      "cell_id": 1,
      "line": [
        "q(1,5)",
        "q(2,5)",
        "q(3,5)"
      ]
    },
    {
      "qsd_theta_star": {
        "zzz": -0.022,
        "n": 1000,
        "theta_deg": 22.49
      },
      "negative_theta": {
        "zzz": 0.384,
        "n": 1000,
        "theta_deg": 92.49
      },
      "gap": -0.406,
      "abs_gap": 0.406,
      "cell_id": 2,
      "line": [
        "q(1,6)",
        "q(1,7)",
        "q(1,8)"
      ]
    },
    {
      "qsd_theta_star": {
        "zzz": -0.144,
        "n": 1000,
        "theta_deg": 22.49
      },
      "negative_theta": {
        "zzz": 0.536,
        "n": 1000,
        "theta_deg": 92.49
      },
      "gap": -0.68,
      "abs_gap": 0.68,
      "cell_id": 3,
      "line": [
        "q(2,4)",
        "q(3,4)",
        "q(4,4)"
      ]
    },
    {
      "qsd_theta_star": {
        "zzz": -0.212,
        "n": 1000,
        "theta_deg": 22.49
      },
      "negative_theta": {
        "zzz": 0.706,
        "n": 1000,
        "theta_deg": 92.49
      },
      "gap": -0.9179999999999999,
      "abs_gap": 0.9179999999999999,
      "cell_id": 4,
      "line": [
        "q(2,6)",
        "q(2,7)",
        "q(2,8)"
      ]
    },
    {
      "qsd_theta_star": {
        "zzz": -0.122,
        "n": 1000,
        "theta_deg": 22.49
      },
      "negative_theta": {
        "zzz": 0.68,
        "n": 1000,
        "theta_deg": 92.49
      },
      "gap": -0.802,
      "abs_gap": 0.802,
      "cell_id": 5,
      "line": [
        "q(2,9)",
        "q(3,9)",
        "q(4,9)"
      ]
    },
    {
      "qsd_theta_star": {
        "zzz": -0.248,
        "n": 1000,
        "theta_deg": 22.49
      },
      "negative_theta": {
        "zzz": 0.546,
        "n": 1000,
        "theta_deg": 92.49
      },
      "gap": -0.794,
      "abs_gap": 0.794,
      "cell_id": 6,
      "line": [
        "q(2,10)",
        "q(3,10)",
        "q(4,10)"
      ]
    },
    {
      "qsd_theta_star": {
        "zzz": -0.064,
        "n": 1000,
        "theta_deg": 22.49
      },
      "negative_theta": {
        "zzz": 0.69,
        "n": 1000,
        "theta_deg": 92.49
      },
      "gap": -0.754,
      "abs_gap": 0.754,
      "cell_id": 7,
      "line": [
        "q(3,3)",
        "q(4,3)",
        "q(5,3)"
      ]
    },
    {
      "qsd_theta_star": {
        "zzz": -0.124,
        "n": 1000,
        "theta_deg": 22.49
      },
      "negative_theta": {
        "zzz": 0.692,
        "n": 1000,
        "theta_deg": 92.49
      },
      "gap": -0.816,
      "abs_gap": 0.816,
      "cell_id": 8,
      "line": [
        "q(3,6)",
        "q(3,7)",
        "q(3,8)"
      ]
    },
    {
      "qsd_theta_star": {
        "zzz": -0.284,
        "n": 1000,
        "theta_deg": 22.49
      },
      "negative_theta": {
        "zzz": 0.672,
        "n": 1000,
        "theta_deg": 92.49
      },
      "gap": -0.956,
      "abs_gap": 0.956,
      "cell_id": 9,
      "line": [
        "q(4,2)",
        "q(5,2)",
        "q(6,2)"
      ]
    },
    {
      "qsd_theta_star": {
        "zzz": -0.152,
        "n": 1000,
        "theta_deg": 22.49
      },
      "negative_theta": {
        "zzz": 0.42,
        "n": 1000,
        "theta_deg": 92.49
      },
      "gap": -0.572,
      "abs_gap": 0.572,
      "cell_id": 10,
      "line": [
        "q(4,5)",
        "q(4,6)",
        "q(4,7)"
      ]
    },
    {
      "qsd_theta_star": {
        "zzz": -0.294,
        "n": 1000,
        "theta_deg": 22.49
      },
      "negative_theta": {
        "zzz": 0.702,
        "n": 1000,
        "theta_deg": 92.49
      },
      "gap": -0.996,
      "abs_gap": 0.996,
      "cell_id": 11,
      "line": [
        "q(4,8)",
        "q(5,8)",
        "q(6,8)"
      ]
    },
    {
      "qsd_theta_star": {
        "zzz": -0.28,
        "n": 1000,
        "theta_deg": 22.49
      },
      "negative_theta": {
        "zzz": 0.602,
        "n": 1000,
        "theta_deg": 92.49
      },
      "gap": -0.882,
      "abs_gap": 0.882,
      "cell_id": 12,
      "line": [
        "q(4,11)",
        "q(5,11)",
        "q(6,11)"
      ]
    },
    {
      "qsd_theta_star": {
        "zzz": -0.188,
        "n": 1000,
        "theta_deg": 22.49
      },
      "negative_theta": {
        "zzz": 0.664,
        "n": 1000,
        "theta_deg": 92.49
      },
      "gap": -0.8520000000000001,
      "abs_gap": 0.8520000000000001,
      "cell_id": 13,
      "line": [
        "q(4,12)",
        "q(5,12)",
        "q(6,12)"
      ]
    },
    {
      "qsd_theta_star": {
        "zzz": -0.044,
        "n": 1000,
        "theta_deg": 22.49
      },
      "negative_theta": {
        "zzz": 0.676,
        "n": 1000,
        "theta_deg": 92.49
      },
      "gap": -0.7200000000000001,
      "abs_gap": 0.7200000000000001,
      "cell_id": 14,
      "line": [
        "q(5,4)",
        "q(6,4)",
        "q(7,4)"
      ]
    },
    {
      "qsd_theta_star": {
        "zzz": -0.222,
        "n": 1000,
        "theta_deg": 22.49
      },
      "negative_theta": {
        "zzz": 0.574,
        "n": 1000,
        "theta_deg": 92.49
      },
      "gap": -0.7959999999999999,
      "abs_gap": 0.7959999999999999,
      "cell_id": 15,
      "line": [
        "q(5,5)",
        "q(5,6)",
        "q(5,7)"
      ]
    },
    {
      "qsd_theta_star": {
        "zzz": 0.028,
        "n": 1000,
        "theta_deg": 22.49
      },
      "negative_theta": {
        "zzz": 0.61,
        "n": 1000,
        "theta_deg": 92.49
      },
      "gap": -0.582,
      "abs_gap": 0.582,
      "cell_id": 16,
      "line": [
        "q(5,9)",
        "q(6,9)",
        "q(7,9)"
      ]
    },
    {
      "qsd_theta_star": {
        "zzz": -0.266,
        "n": 1000,
        "theta_deg": 22.49
      },
      "negative_theta": {
        "zzz": 0.478,
        "n": 1000,
        "theta_deg": 92.49
      },
      "gap": -0.744,
      "abs_gap": 0.744,
      "cell_id": 17,
      "line": [
        "q(5,10)",
        "q(6,10)",
        "q(7,10)"
      ]
    },
    {
      "qsd_theta_star": {
        "zzz": -0.236,
        "n": 1000,
        "theta_deg": 22.49
      },
      "negative_theta": {
        "zzz": 0.618,
        "n": 1000,
        "theta_deg": 92.49
      },
      "gap": -0.854,
      "abs_gap": 0.854,
      "cell_id": 18,
      "line": [
        "q(6,3)",
        "q(7,3)",
        "q(8,3)"
      ]
    },
    {
      "qsd_theta_star": {
        "zzz": -0.026,
        "n": 1000,
        "theta_deg": 22.49
      },
      "negative_theta": {
        "zzz": 0.65,
        "n": 1000,
        "theta_deg": 92.49
      },
      "gap": -0.676,
      "abs_gap": 0.676,
      "cell_id": 19,
      "line": [
        "q(6,5)",
        "q(7,5)",
        "q(8,5)"
      ]
    },
    {
      "qsd_theta_star": {
        "zzz": -0.198,
        "n": 1000,
        "theta_deg": 22.49
      },
      "negative_theta": {
        "zzz": 0.48,
        "n": 1000,
        "theta_deg": 92.49
      },
      "gap": -0.6779999999999999,
      "abs_gap": 0.6779999999999999,
      "cell_id": 20,
      "line": [
        "q(6,6)",
        "q(7,6)",
        "q(8,6)"
      ]
    },
    {
      "qsd_theta_star": {
        "zzz": 0.01,
        "n": 1000,
        "theta_deg": 22.49
      },
      "negative_theta": {
        "zzz": 0.54,
        "n": 1000,
        "theta_deg": 92.49
      },
      "gap": -0.53,
      "abs_gap": 0.53,
      "cell_id": 21,
      "line": [
        "q(6,7)",
        "q(7,7)",
        "q(8,7)"
      ]
    },
    {
      "qsd_theta_star": {
        "zzz": -0.152,
        "n": 1000,
        "theta_deg": 22.49
      },
      "negative_theta": {
        "zzz": 0.474,
        "n": 1000,
        "theta_deg": 92.49
      },
      "gap": -0.626,
      "abs_gap": 0.626,
      "cell_id": 22,
      "line": [
        "q(7,8)",
        "q(8,8)",
        "q(9,8)"
      ]
    },
    {
      "qsd_theta_star": {
        "zzz": -0.244,
        "n": 1000,
        "theta_deg": 22.49
      },
      "negative_theta": {
        "zzz": 0.518,
        "n": 1000,
        "theta_deg": 92.49
      },
      "gap": -0.762,
      "abs_gap": 0.762,
      "cell_id": 23,
      "line": [
        "q(7,11)",
        "q(7,12)",
        "q(7,13)"
      ]
    },
    {
      "qsd_theta_star": {
        "zzz": -0.1,
        "n": 1000,
        "theta_deg": 22.49
      },
      "negative_theta": {
        "zzz": 0.542,
        "n": 1000,
        "theta_deg": 92.49
      },
      "gap": -0.642,
      "abs_gap": 0.642,
      "cell_id": 24,
      "line": [
        "q(8,4)",
        "q(9,4)",
        "q(10,4)"
      ]
    },
    {
      "qsd_theta_star": {
        "zzz": -0.148,
        "n": 1000,
        "theta_deg": 22.49
      },
      "negative_theta": {
        "zzz": 0.506,
        "n": 1000,
        "theta_deg": 92.49
      },
      "gap": -0.654,
      "abs_gap": 0.654,
      "cell_id": 25,
      "line": [
        "q(8,9)",
        "q(8,10)",
        "q(8,11)"
      ]
    },
    {
      "qsd_theta_star": {
        "zzz": -0.182,
        "n": 1000,
        "theta_deg": 22.49
      },
      "negative_theta": {
        "zzz": 0.618,
        "n": 1000,
        "theta_deg": 92.49
      },
      "gap": -0.8,
      "abs_gap": 0.8,
      "cell_id": 26,
      "line": [
        "q(9,5)",
        "q(9,6)",
        "q(9,7)"
      ]
    },
    {
      "qsd_theta_star": {
        "zzz": -0.138,
        "n": 1000,
        "theta_deg": 22.49
      },
      "negative_theta": {
        "zzz": 0.504,
        "n": 1000,
        "theta_deg": 92.49
      },
      "gap": -0.642,
      "abs_gap": 0.642,
      "cell_id": 27,
      "line": [
        "q(9,9)",
        "q(9,10)",
        "q(9,11)"
      ]
    },
    {
      "qsd_theta_star": {
        "zzz": -0.17,
        "n": 1000,
        "theta_deg": 22.49
      },
      "negative_theta": {
        "zzz": 0.598,
        "n": 1000,
        "theta_deg": 92.49
      },
      "gap": -0.768,
      "abs_gap": 0.768,
      "cell_id": 28,
      "line": [
        "q(10,5)",
        "q(10,6)",
        "q(10,7)"
      ]
    },
    {
      "qsd_theta_star": {
        "zzz": -0.096,
        "n": 1000,
        "theta_deg": 22.49
      },
      "negative_theta": {
        "zzz": 0.726,
        "n": 1000,
        "theta_deg": 92.49
      },
      "gap": -0.822,
      "abs_gap": 0.822,
      "cell_id": 29,
      "line": [
        "q(10,8)",
        "q(10,9)",
        "q(10,10)"
      ]
    },
    {
      "qsd_theta_star": {
        "zzz": -0.106,
        "n": 1000,
        "theta_deg": 22.49
      },
      "negative_theta": {
        "zzz": 0.722,
        "n": 1000,
        "theta_deg": 92.49
      },
      "gap": -0.828,
      "abs_gap": 0.828,
      "cell_id": 30,
      "line": [
        "q(11,6)",
        "q(11,7)",
        "q(11,8)"
      ]
    },
    {
      "qsd_theta_star": {
        "zzz": -0.078,
        "n": 1000,
        "theta_deg": 22.49
      },
      "negative_theta": {
        "zzz": 0.498,
        "n": 1000,
        "theta_deg": 92.49
      },
      "gap": -0.576,
      "abs_gap": 0.576,
      "cell_id": 31,
      "line": [
        "q(12,6)",
        "q(12,7)",
        "q(12,8)"
      ]
    }
  ],
  "aggregate": {
    "zzz_theta_star_median": -0.15,
    "zzz_negative_median": 0.6,
    "abs_gap_median": 0.749,
    "abs_gap_mean": 0.7255625,
    "abs_gap_min": 0.406,
    "cells_winning": 32,
    "n_cells": 32
  },
  "verdict": "MAX_WIN",
  "notes": "Max campaign: 96 qubits, 14L @ \u03b8*=22.49\u00b0 \u2014 median |\u0394ZZZ|=0.749, 32/32 cells win.",
  "elapsed_s": 10932.044743537903,
  "phase": "qubits_96_depth_14_corrected",
  "config_note": "Corrected July 7: \u03b8*=22.49\u00b0 depth=14L relock=/5"
}

VERDICT: MAX_WIN
NOTES:   Max campaign: 96 qubits, 14L @ θ*=22.49° — median |ΔZZZ|=0.749, 32/32 cells win.
Saved:   results/willow_max_qubits_96_depth_14_corrected.json (10932s)

SUMMARY: results/willow_max_qubits_corrected_summary.json
{
  "date": "2026-07-07",
  "processor": "willow_pink",
  "theta_star_deg": 22.49,
  "depth_layers": 14,
  "relock_interval": 5,
  "corrections": [
    "platform \u03b8*=22.49\u00b0",
    "optimal 14L relock/5 (gain sweep)",
    "interior line q(6,5)-q(6,6)-q(6,7)",
    "retention verdict HOLD \u2014 angle map not EC endorsement"
  ],
  "interior": {
    "qubits": 3,
    "abs_gap": 0.8585,
    "verdict": "DEPTH_WIN"
  },
  "qubit_max": {
    "qubits": 96,
    "cells": 32,
    "abs_gap_median": 0.749,
    "cells_winning": 32,
    "verdict": "MAX_WIN"
  },
  "elapsed_s": 12375.878306388855
}
